#! /usr/bin/vvp
:ivl_version "12.0 (stable)";
:ivl_delay_selection "TYPICAL";
:vpi_time_precision - 12;
:vpi_module "/usr/lib64/ivl/system.vpi";
:vpi_module "/usr/lib64/ivl/vhdl_sys.vpi";
:vpi_module "/usr/lib64/ivl/vhdl_textio.vpi";
:vpi_module "/usr/lib64/ivl/v2005_math.vpi";
:vpi_module "/usr/lib64/ivl/va_math.vpi";
S_0x55fa658dc880 .scope module, "tb" "tb" 2 2;
 .timescale -9 -12;
v0x55fa6590e950_0 .var "accum0", 15 0;
v0x55fa6590ea50_0 .var "accum1", 15 0;
v0x55fa6590eb30_0 .var "accum2", 15 0;
v0x55fa6590ebf0_0 .var "accum3", 15 0;
v0x55fa6590ecd0_0 .var/i "bit_idx", 31 0;
v0x55fa6590ee00_0 .var "clk", 0 0;
v0x55fa6590eea0_0 .var/i "i", 31 0;
v0x55fa6590ef80 .array/i "input_vals", 2 0, 31 0;
v0x55fa6590f040_0 .var "result_bits", 63 0;
v0x55fa6590f120_0 .var "rst_n", 0 0;
v0x55fa6590f1c0_0 .var "ui_in", 7 0;
L_0x7efc7ce6b060 .functor BUFT 1, C4<00000000>, C4<0>, C4<0>, C4<0>;
v0x55fa6590f280_0 .net "uio_oe", 7 0, L_0x7efc7ce6b060;  1 drivers
L_0x7efc7ce6b018 .functor BUFT 1, C4<00000000>, C4<0>, C4<0>, C4<0>;
v0x55fa6590f320_0 .net "uio_out", 7 0, L_0x7efc7ce6b018;  1 drivers
v0x55fa6590f3f0_0 .net "uo_out", 7 0, L_0x55fa65911440;  1 drivers
v0x55fa6590f4c0_0 .var "weight_bits", 31 0;
S_0x55fa658d9ac0 .scope module, "dut" "tt_um_neuracc" 2 9, 3 14 0, S_0x55fa658dc880;
 .timescale 0 0;
    .port_info 0 /INPUT 8 "ui_in";
    .port_info 1 /OUTPUT 8 "uo_out";
    .port_info 2 /INPUT 8 "uio_in";
    .port_info 3 /OUTPUT 8 "uio_out";
    .port_info 4 /OUTPUT 8 "uio_oe";
    .port_info 5 /INPUT 1 "ena";
    .port_info 6 /INPUT 1 "clk";
    .port_info 7 /INPUT 1 "rst_n";
P_0x55fa658e42e0 .param/l "COMPUTE" 1 3 37, C4<10>;
P_0x55fa658e4320 .param/l "IDLE" 1 3 35, C4<00>;
P_0x55fa658e4360 .param/l "LOAD_W" 1 3 36, C4<01>;
P_0x55fa658e43a0 .param/l "READ_OUT" 1 3 38, C4<11>;
L_0x55fa658e93f0 .functor BUFZ 8, v0x55fa6590f1c0_0, C4<00000000>, C4<00000000>, C4<00000000>;
L_0x55fa65911210 .functor BUFZ 1, L_0x55fa65911120, C4<0>, C4<0>, C4<0>;
v0x55fa6590cc20_0 .net *"_ivl_19", 0 0, L_0x55fa65911210;  1 drivers
L_0x7efc7ce6b2e8 .functor BUFT 1, C4<00>, C4<0>, C4<0>, C4<0>;
v0x55fa6590cd20_0 .net/2u *"_ivl_22", 1 0, L_0x7efc7ce6b2e8;  1 drivers
v0x55fa6590ce00_0 .net *"_ivl_24", 0 0, L_0x55fa659112b0;  1 drivers
L_0x7efc7ce6b330 .functor BUFT 1, C4<000000>, C4<0>, C4<0>, C4<0>;
v0x55fa6590cea0_0 .net/2u *"_ivl_29", 5 0, L_0x7efc7ce6b330;  1 drivers
v0x55fa6590cf80_0 .net "accum0", 15 0, L_0x55fa658aa240;  1 drivers
v0x55fa6590d040_0 .net "accum1", 15 0, L_0x55fa658daa30;  1 drivers
v0x55fa6590d100_0 .net "accum2", 15 0, L_0x55fa658b1a10;  1 drivers
v0x55fa6590d1c0_0 .net "accum3", 15 0, L_0x55fa65910df0;  1 drivers
v0x55fa6590d280_0 .var "bit_cnt", 5 0;
v0x55fa6590d3f0_0 .net "clear_accum", 0 0, L_0x55fa6590f9e0;  1 drivers
v0x55fa6590d4b0_0 .net "clk", 0 0, v0x55fa6590ee00_0;  1 drivers
v0x55fa6590d550_0 .net "compute", 0 0, L_0x55fa6590f870;  1 drivers
v0x55fa6590d610_0 .net "data_in", 7 0, L_0x55fa658e93f0;  1 drivers
v0x55fa6590d6d0_0 .var "do_clear", 0 0;
v0x55fa6590d770_0 .var "do_compute", 0 0;
v0x55fa6590d810_0 .var "do_shift", 0 0;
L_0x7efc7ce6b3c0 .functor BUFT 1, C4<1>, C4<0>, C4<0>, C4<0>;
v0x55fa6590d8b0_0 .net "ena", 0 0, L_0x7efc7ce6b3c0;  1 drivers
v0x55fa6590da60_0 .var "load_parallel", 0 0;
v0x55fa6590db00_0 .var "load_w_bit", 0 0;
v0x55fa6590dba0_0 .net "load_weights", 0 0, L_0x55fa6590f740;  1 drivers
v0x55fa6590dc40_0 .net "read_out", 0 0, L_0x55fa6590f910;  1 drivers
v0x55fa6590dd00_0 .net "rst_n", 0 0, v0x55fa6590f120_0;  1 drivers
v0x55fa6590dda0_0 .net "serial_in", 0 0, L_0x55fa6590f680;  1 drivers
v0x55fa6590de40_0 .net "serial_out_wire", 0 0, L_0x55fa65911120;  1 drivers
v0x55fa6590dee0_0 .var "state", 1 0;
v0x55fa6590dfa0_0 .net "ui_in", 7 0, v0x55fa6590f1c0_0;  1 drivers
L_0x7efc7ce6b378 .functor BUFT 1, C4<00000000>, C4<0>, C4<0>, C4<0>;
v0x55fa6590e080_0 .net "uio_in", 7 0, L_0x7efc7ce6b378;  1 drivers
v0x55fa6590e160_0 .net "uio_oe", 7 0, L_0x7efc7ce6b060;  alias, 1 drivers
v0x55fa6590e240_0 .net "uio_out", 7 0, L_0x7efc7ce6b018;  alias, 1 drivers
v0x55fa6590e320_0 .net "uo_out", 7 0, L_0x55fa65911440;  alias, 1 drivers
L_0x55fa6590f680 .part v0x55fa6590f1c0_0, 0, 1;
L_0x55fa6590f740 .part v0x55fa6590f1c0_0, 1, 1;
L_0x55fa6590f870 .part v0x55fa6590f1c0_0, 2, 1;
L_0x55fa6590f910 .part v0x55fa6590f1c0_0, 3, 1;
L_0x55fa6590f9e0 .part v0x55fa6590f1c0_0, 4, 1;
L_0x55fa659112b0 .cmp/eq 2, v0x55fa6590dee0_0, L_0x7efc7ce6b2e8;
L_0x55fa65911440 .concat8 [ 1 1 6 0], L_0x55fa65911210, L_0x55fa659112b0, L_0x7efc7ce6b330;
S_0x55fa658dc500 .scope module, "u_array" "mac_array" 3 95, 4 5 0, S_0x55fa658d9ac0;
 .timescale 0 0;
    .port_info 0 /INPUT 1 "clk";
    .port_info 1 /INPUT 1 "rst_n";
    .port_info 2 /INPUT 1 "load_w_bit";
    .port_info 3 /INPUT 1 "w_serial_in";
    .port_info 4 /INPUT 1 "compute";
    .port_info 5 /INPUT 1 "clear";
    .port_info 6 /INPUT 8 "data_in";
    .port_info 7 /OUTPUT 16 "accum0";
    .port_info 8 /OUTPUT 16 "accum1";
    .port_info 9 /OUTPUT 16 "accum2";
    .port_info 10 /OUTPUT 16 "accum3";
    .port_info 11 /OUTPUT 1 "w_serial_out";
v0x55fa6590b0b0_0 .net "accum0", 15 0, L_0x55fa658aa240;  alias, 1 drivers
v0x55fa6590b190_0 .net "accum1", 15 0, L_0x55fa658daa30;  alias, 1 drivers
v0x55fa6590b230_0 .net "accum2", 15 0, L_0x55fa658b1a10;  alias, 1 drivers
v0x55fa6590b2d0_0 .net "accum3", 15 0, L_0x55fa65910df0;  alias, 1 drivers
v0x55fa6590b370_0 .net "clear", 0 0, v0x55fa6590d6d0_0;  1 drivers
v0x55fa6590b4a0_0 .net "clk", 0 0, v0x55fa6590ee00_0;  alias, 1 drivers
v0x55fa6590b5d0_0 .net "compute", 0 0, v0x55fa6590d770_0;  1 drivers
v0x55fa6590b700_0 .net "data_in", 7 0, L_0x55fa658e93f0;  alias, 1 drivers
v0x55fa6590b830_0 .net "load_w_bit", 0 0, v0x55fa6590db00_0;  1 drivers
v0x55fa6590b9f0_0 .net "rst_n", 0 0, v0x55fa6590f120_0;  alias, 1 drivers
v0x55fa6590bb20_0 .net "w_out0", 7 0, L_0x55fa658dd7f0;  1 drivers
v0x55fa6590bbc0_0 .net "w_out1", 7 0, L_0x55fa658d7c70;  1 drivers
v0x55fa6590bc60_0 .net "w_out2", 7 0, L_0x55fa659108d0;  1 drivers
v0x55fa6590bd00_0 .net "w_out3", 7 0, L_0x55fa65910ef0;  1 drivers
v0x55fa6590bdd0_0 .net "w_serial_in", 0 0, L_0x55fa6590f680;  alias, 1 drivers
v0x55fa6590bea0_0 .net "w_serial_out", 0 0, L_0x55fa65911050;  1 drivers
L_0x55fa65910420 .part L_0x55fa658dd7f0, 7, 1;
L_0x55fa65910990 .part L_0x55fa658d7c70, 7, 1;
L_0x55fa65910fb0 .part L_0x55fa659108d0, 7, 1;
L_0x55fa65911050 .part L_0x55fa65910ef0, 7, 1;
S_0x55fa658ed2a0 .scope module, "u0" "mac_unit" 4 19, 5 5 0, S_0x55fa658dc500;
 .timescale 0 0;
    .port_info 0 /INPUT 1 "clk";
    .port_info 1 /INPUT 1 "rst_n";
    .port_info 2 /INPUT 1 "load_w_bit";
    .port_info 3 /INPUT 1 "w_bit_in";
    .port_info 4 /INPUT 1 "compute";
    .port_info 5 /INPUT 1 "clear";
    .port_info 6 /INPUT 8 "data_in";
    .port_info 7 /OUTPUT 16 "accum_out";
    .port_info 8 /OUTPUT 8 "weight_out";
L_0x55fa658aa240 .functor BUFZ 16, v0x55fa658dac30_0, C4<0000000000000000>, C4<0000000000000000>, C4<0000000000000000>;
L_0x55fa658dd7f0 .functor BUFZ 8, v0x55fa65907890_0, C4<00000000>, C4<00000000>, C4<00000000>;
v0x55fa658df7a0_0 .net *"_ivl_0", 15 0, L_0x55fa6590fab0;  1 drivers
L_0x7efc7ce6b0a8 .functor BUFT 1, C4<00000000>, C4<0>, C4<0>, C4<0>;
v0x55fa658dd950_0 .net *"_ivl_3", 7 0, L_0x7efc7ce6b0a8;  1 drivers
v0x55fa658dd9f0_0 .net *"_ivl_4", 15 0, L_0x55fa6590fbb0;  1 drivers
L_0x7efc7ce6b0f0 .functor BUFT 1, C4<00000000>, C4<0>, C4<0>, C4<0>;
v0x55fa658dab90_0 .net *"_ivl_7", 7 0, L_0x7efc7ce6b0f0;  1 drivers
v0x55fa658dac30_0 .var "accum", 15 0;
v0x55fa658d7dd0_0 .net "accum_out", 15 0, L_0x55fa658aa240;  alias, 1 drivers
v0x55fa658d7e70_0 .net "clear", 0 0, v0x55fa6590d6d0_0;  alias, 1 drivers
v0x55fa65907310_0 .net "clk", 0 0, v0x55fa6590ee00_0;  alias, 1 drivers
v0x55fa659073d0_0 .net "compute", 0 0, v0x55fa6590d770_0;  alias, 1 drivers
v0x55fa65907490_0 .net "data_in", 7 0, L_0x55fa658e93f0;  alias, 1 drivers
v0x55fa65907570_0 .net "load_w_bit", 0 0, v0x55fa6590db00_0;  alias, 1 drivers
v0x55fa65907630_0 .net "product", 15 0, L_0x55fa6590fd30;  1 drivers
v0x55fa65907710_0 .net "rst_n", 0 0, v0x55fa6590f120_0;  alias, 1 drivers
v0x55fa659077d0_0 .net "w_bit_in", 0 0, L_0x55fa6590f680;  alias, 1 drivers
v0x55fa65907890_0 .var "weight", 7 0;
v0x55fa65907970_0 .net "weight_out", 7 0, L_0x55fa658dd7f0;  alias, 1 drivers
E_0x55fa658b21d0/0 .event negedge, v0x55fa65907710_0;
E_0x55fa658b21d0/1 .event posedge, v0x55fa65907310_0;
E_0x55fa658b21d0 .event/or E_0x55fa658b21d0/0, E_0x55fa658b21d0/1;
L_0x55fa6590fab0 .concat [ 8 8 0 0], L_0x55fa658e93f0, L_0x7efc7ce6b0a8;
L_0x55fa6590fbb0 .concat [ 8 8 0 0], v0x55fa65907890_0, L_0x7efc7ce6b0f0;
L_0x55fa6590fd30 .arith/mult 16, L_0x55fa6590fab0, L_0x55fa6590fbb0;
S_0x55fa65907b70 .scope module, "u1" "mac_unit" 4 27, 5 5 0, S_0x55fa658dc500;
 .timescale 0 0;
    .port_info 0 /INPUT 1 "clk";
    .port_info 1 /INPUT 1 "rst_n";
    .port_info 2 /INPUT 1 "load_w_bit";
    .port_info 3 /INPUT 1 "w_bit_in";
    .port_info 4 /INPUT 1 "compute";
    .port_info 5 /INPUT 1 "clear";
    .port_info 6 /INPUT 8 "data_in";
    .port_info 7 /OUTPUT 16 "accum_out";
    .port_info 8 /OUTPUT 8 "weight_out";
L_0x55fa658daa30 .functor BUFZ 16, v0x55fa65908200_0, C4<0000000000000000>, C4<0000000000000000>, C4<0000000000000000>;
L_0x55fa658d7c70 .functor BUFZ 8, v0x55fa659089a0_0, C4<00000000>, C4<00000000>, C4<00000000>;
v0x55fa65907ea0_0 .net *"_ivl_0", 15 0, L_0x55fa6590ff50;  1 drivers
L_0x7efc7ce6b138 .functor BUFT 1, C4<00000000>, C4<0>, C4<0>, C4<0>;
v0x55fa65907f80_0 .net *"_ivl_3", 7 0, L_0x7efc7ce6b138;  1 drivers
v0x55fa65908060_0 .net *"_ivl_4", 15 0, L_0x55fa659101a0;  1 drivers
L_0x7efc7ce6b180 .functor BUFT 1, C4<00000000>, C4<0>, C4<0>, C4<0>;
v0x55fa65908120_0 .net *"_ivl_7", 7 0, L_0x7efc7ce6b180;  1 drivers
v0x55fa65908200_0 .var "accum", 15 0;
v0x55fa65908330_0 .net "accum_out", 15 0, L_0x55fa658daa30;  alias, 1 drivers
v0x55fa65908410_0 .net "clear", 0 0, v0x55fa6590d6d0_0;  alias, 1 drivers
v0x55fa659084b0_0 .net "clk", 0 0, v0x55fa6590ee00_0;  alias, 1 drivers
v0x55fa65908550_0 .net "compute", 0 0, v0x55fa6590d770_0;  alias, 1 drivers
v0x55fa65908680_0 .net "data_in", 7 0, L_0x55fa658e93f0;  alias, 1 drivers
v0x55fa65908720_0 .net "load_w_bit", 0 0, v0x55fa6590db00_0;  alias, 1 drivers
v0x55fa659087c0_0 .net "product", 15 0, L_0x55fa65910290;  1 drivers
v0x55fa65908860_0 .net "rst_n", 0 0, v0x55fa6590f120_0;  alias, 1 drivers
v0x55fa65908900_0 .net "w_bit_in", 0 0, L_0x55fa65910420;  1 drivers
v0x55fa659089a0_0 .var "weight", 7 0;
v0x55fa65908a40_0 .net "weight_out", 7 0, L_0x55fa658d7c70;  alias, 1 drivers
L_0x55fa6590ff50 .concat [ 8 8 0 0], L_0x55fa658e93f0, L_0x7efc7ce6b138;
L_0x55fa659101a0 .concat [ 8 8 0 0], v0x55fa659089a0_0, L_0x7efc7ce6b180;
L_0x55fa65910290 .arith/mult 16, L_0x55fa6590ff50, L_0x55fa659101a0;
S_0x55fa65908c40 .scope module, "u2" "mac_unit" 4 35, 5 5 0, S_0x55fa658dc500;
 .timescale 0 0;
    .port_info 0 /INPUT 1 "clk";
    .port_info 1 /INPUT 1 "rst_n";
    .port_info 2 /INPUT 1 "load_w_bit";
    .port_info 3 /INPUT 1 "w_bit_in";
    .port_info 4 /INPUT 1 "compute";
    .port_info 5 /INPUT 1 "clear";
    .port_info 6 /INPUT 8 "data_in";
    .port_info 7 /OUTPUT 16 "accum_out";
    .port_info 8 /OUTPUT 8 "weight_out";
L_0x55fa658b1a10 .functor BUFZ 16, v0x55fa65909290_0, C4<0000000000000000>, C4<0000000000000000>, C4<0000000000000000>;
L_0x55fa659108d0 .functor BUFZ 8, v0x55fa65909c40_0, C4<00000000>, C4<00000000>, C4<00000000>;
v0x55fa65908f00_0 .net *"_ivl_0", 15 0, L_0x55fa659104c0;  1 drivers
L_0x7efc7ce6b1c8 .functor BUFT 1, C4<00000000>, C4<0>, C4<0>, C4<0>;
v0x55fa65908fe0_0 .net *"_ivl_3", 7 0, L_0x7efc7ce6b1c8;  1 drivers
v0x55fa659090c0_0 .net *"_ivl_4", 15 0, L_0x55fa659105b0;  1 drivers
L_0x7efc7ce6b210 .functor BUFT 1, C4<00000000>, C4<0>, C4<0>, C4<0>;
v0x55fa659091b0_0 .net *"_ivl_7", 7 0, L_0x7efc7ce6b210;  1 drivers
v0x55fa65909290_0 .var "accum", 15 0;
v0x55fa659093c0_0 .net "accum_out", 15 0, L_0x55fa658b1a10;  alias, 1 drivers
v0x55fa659094a0_0 .net "clear", 0 0, v0x55fa6590d6d0_0;  alias, 1 drivers
v0x55fa65909590_0 .net "clk", 0 0, v0x55fa6590ee00_0;  alias, 1 drivers
v0x55fa65909680_0 .net "compute", 0 0, v0x55fa6590d770_0;  alias, 1 drivers
v0x55fa659097b0_0 .net "data_in", 7 0, L_0x55fa658e93f0;  alias, 1 drivers
v0x55fa659098c0_0 .net "load_w_bit", 0 0, v0x55fa6590db00_0;  alias, 1 drivers
v0x55fa659099b0_0 .net "product", 15 0, L_0x55fa65910700;  1 drivers
v0x55fa65909a90_0 .net "rst_n", 0 0, v0x55fa6590f120_0;  alias, 1 drivers
v0x55fa65909b80_0 .net "w_bit_in", 0 0, L_0x55fa65910990;  1 drivers
v0x55fa65909c40_0 .var "weight", 7 0;
v0x55fa65909d20_0 .net "weight_out", 7 0, L_0x55fa659108d0;  alias, 1 drivers
L_0x55fa659104c0 .concat [ 8 8 0 0], L_0x55fa658e93f0, L_0x7efc7ce6b1c8;
L_0x55fa659105b0 .concat [ 8 8 0 0], v0x55fa65909c40_0, L_0x7efc7ce6b210;
L_0x55fa65910700 .arith/mult 16, L_0x55fa659104c0, L_0x55fa659105b0;
S_0x55fa65909f70 .scope module, "u3" "mac_unit" 4 43, 5 5 0, S_0x55fa658dc500;
 .timescale 0 0;
    .port_info 0 /INPUT 1 "clk";
    .port_info 1 /INPUT 1 "rst_n";
    .port_info 2 /INPUT 1 "load_w_bit";
    .port_info 3 /INPUT 1 "w_bit_in";
    .port_info 4 /INPUT 1 "compute";
    .port_info 5 /INPUT 1 "clear";
    .port_info 6 /INPUT 8 "data_in";
    .port_info 7 /OUTPUT 16 "accum_out";
    .port_info 8 /OUTPUT 8 "weight_out";
L_0x55fa65910df0 .functor BUFZ 16, v0x55fa6590a5b0_0, C4<0000000000000000>, C4<0000000000000000>, C4<0000000000000000>;
L_0x55fa65910ef0 .functor BUFZ 8, v0x55fa6590add0_0, C4<00000000>, C4<00000000>, C4<00000000>;
v0x55fa6590a230_0 .net *"_ivl_0", 15 0, L_0x55fa65910a30;  1 drivers
L_0x7efc7ce6b258 .functor BUFT 1, C4<00000000>, C4<0>, C4<0>, C4<0>;
v0x55fa6590a330_0 .net *"_ivl_3", 7 0, L_0x7efc7ce6b258;  1 drivers
v0x55fa6590a410_0 .net *"_ivl_4", 15 0, L_0x55fa65910bb0;  1 drivers
L_0x7efc7ce6b2a0 .functor BUFT 1, C4<00000000>, C4<0>, C4<0>, C4<0>;
v0x55fa6590a4d0_0 .net *"_ivl_7", 7 0, L_0x7efc7ce6b2a0;  1 drivers
v0x55fa6590a5b0_0 .var "accum", 15 0;
v0x55fa6590a6e0_0 .net "accum_out", 15 0, L_0x55fa65910df0;  alias, 1 drivers
v0x55fa6590a7c0_0 .net "clear", 0 0, v0x55fa6590d6d0_0;  alias, 1 drivers
v0x55fa6590a860_0 .net "clk", 0 0, v0x55fa6590ee00_0;  alias, 1 drivers
v0x55fa6590a900_0 .net "compute", 0 0, v0x55fa6590d770_0;  alias, 1 drivers
v0x55fa6590aa30_0 .net "data_in", 7 0, L_0x55fa658e93f0;  alias, 1 drivers
v0x55fa6590aaf0_0 .net "load_w_bit", 0 0, v0x55fa6590db00_0;  alias, 1 drivers
v0x55fa6590ab90_0 .net "product", 15 0, L_0x55fa65910cb0;  1 drivers
v0x55fa6590ac70_0 .net "rst_n", 0 0, v0x55fa6590f120_0;  alias, 1 drivers
v0x55fa6590ad10_0 .net "w_bit_in", 0 0, L_0x55fa65910fb0;  1 drivers
v0x55fa6590add0_0 .var "weight", 7 0;
v0x55fa6590aeb0_0 .net "weight_out", 7 0, L_0x55fa65910ef0;  alias, 1 drivers
L_0x55fa65910a30 .concat [ 8 8 0 0], L_0x55fa658e93f0, L_0x7efc7ce6b258;
L_0x55fa65910bb0 .concat [ 8 8 0 0], v0x55fa6590add0_0, L_0x7efc7ce6b2a0;
L_0x55fa65910cb0 .arith/mult 16, L_0x55fa65910a30, L_0x55fa65910bb0;
S_0x55fa6590c0a0 .scope module, "u_scan" "output_scan" 3 104, 6 5 0, S_0x55fa658d9ac0;
 .timescale 0 0;
    .port_info 0 /INPUT 1 "clk";
    .port_info 1 /INPUT 1 "rst_n";
    .port_info 2 /INPUT 1 "load_parallel";
    .port_info 3 /INPUT 1 "shift";
    .port_info 4 /INPUT 16 "accum0";
    .port_info 5 /INPUT 16 "accum1";
    .port_info 6 /INPUT 16 "accum2";
    .port_info 7 /INPUT 16 "accum3";
    .port_info 8 /OUTPUT 1 "serial_out";
v0x55fa6590c330_0 .net "accum0", 15 0, L_0x55fa658aa240;  alias, 1 drivers
v0x55fa6590c3f0_0 .net "accum1", 15 0, L_0x55fa658daa30;  alias, 1 drivers
v0x55fa6590c4b0_0 .net "accum2", 15 0, L_0x55fa658b1a10;  alias, 1 drivers
v0x55fa6590c550_0 .net "accum3", 15 0, L_0x55fa65910df0;  alias, 1 drivers
v0x55fa6590c610_0 .net "clk", 0 0, v0x55fa6590ee00_0;  alias, 1 drivers
v0x55fa6590c6b0_0 .net "load_parallel", 0 0, v0x55fa6590da60_0;  1 drivers
v0x55fa6590c770_0 .net "rst_n", 0 0, v0x55fa6590f120_0;  alias, 1 drivers
v0x55fa6590c810_0 .net "serial_out", 0 0, L_0x55fa65911120;  alias, 1 drivers
v0x55fa6590c8d0_0 .net "shift", 0 0, v0x55fa6590d810_0;  1 drivers
v0x55fa6590ca20_0 .var "shift_reg", 63 0;
L_0x55fa65911120 .part v0x55fa6590ca20_0, 63, 1;
S_0x55fa6590e550 .scope task, "wait_cycles" "wait_cycles" 2 18, 2 18 0, S_0x55fa658dc880;
 .timescale -9 -12;
v0x55fa6590e770_0 .var/i "i", 31 0;
v0x55fa6590e870_0 .var/i "n", 31 0;
E_0x55fa658b0140 .event posedge, v0x55fa65907310_0;
TD_tb.wait_cycles ;
    %pushi/vec4 0, 0, 32;
    %store/vec4 v0x55fa6590e770_0, 0, 32;
T_0.0 ;
    %load/vec4 v0x55fa6590e770_0;
    %load/vec4 v0x55fa6590e870_0;
    %cmp/s;
    %jmp/0xz T_0.1, 5;
    %wait E_0x55fa658b0140;
    %load/vec4 v0x55fa6590e770_0;
    %addi 1, 0, 32;
    %store/vec4 v0x55fa6590e770_0, 0, 32;
    %jmp T_0.0;
T_0.1 ;
    %end;
    .scope S_0x55fa658ed2a0;
T_1 ;
    %wait E_0x55fa658b21d0;
    %load/vec4 v0x55fa65907710_0;
    %nor/r;
    %flag_set/vec4 8;
    %jmp/0xz  T_1.0, 8;
    %pushi/vec4 0, 0, 8;
    %assign/vec4 v0x55fa65907890_0, 0;
    %pushi/vec4 0, 0, 16;
    %assign/vec4 v0x55fa658dac30_0, 0;
    %jmp T_1.1;
T_1.0 ;
    %load/vec4 v0x55fa65907570_0;
    %flag_set/vec4 8;
    %jmp/0xz  T_1.2, 8;
    %load/vec4 v0x55fa65907890_0;
    %parti/s 7, 0, 2;
    %load/vec4 v0x55fa659077d0_0;
    %concat/vec4; draw_concat_vec4
    %assign/vec4 v0x55fa65907890_0, 0;
T_1.2 ;
    %load/vec4 v0x55fa658d7e70_0;
    %flag_set/vec4 8;
    %jmp/0xz  T_1.4, 8;
    %pushi/vec4 0, 0, 16;
    %assign/vec4 v0x55fa658dac30_0, 0;
    %jmp T_1.5;
T_1.4 ;
    %load/vec4 v0x55fa659073d0_0;
    %flag_set/vec4 8;
    %jmp/0xz  T_1.6, 8;
    %load/vec4 v0x55fa658dac30_0;
    %load/vec4 v0x55fa65907630_0;
    %add;
    %assign/vec4 v0x55fa658dac30_0, 0;
T_1.6 ;
T_1.5 ;
T_1.1 ;
    %jmp T_1;
    .thread T_1;
    .scope S_0x55fa65907b70;
T_2 ;
    %wait E_0x55fa658b21d0;
    %load/vec4 v0x55fa65908860_0;
    %nor/r;
    %flag_set/vec4 8;
    %jmp/0xz  T_2.0, 8;
    %pushi/vec4 0, 0, 8;
    %assign/vec4 v0x55fa659089a0_0, 0;
    %pushi/vec4 0, 0, 16;
    %assign/vec4 v0x55fa65908200_0, 0;
    %jmp T_2.1;
T_2.0 ;
    %load/vec4 v0x55fa65908720_0;
    %flag_set/vec4 8;
    %jmp/0xz  T_2.2, 8;
    %load/vec4 v0x55fa659089a0_0;
    %parti/s 7, 0, 2;
    %load/vec4 v0x55fa65908900_0;
    %concat/vec4; draw_concat_vec4
    %assign/vec4 v0x55fa659089a0_0, 0;
T_2.2 ;
    %load/vec4 v0x55fa65908410_0;
    %flag_set/vec4 8;
    %jmp/0xz  T_2.4, 8;
    %pushi/vec4 0, 0, 16;
    %assign/vec4 v0x55fa65908200_0, 0;
    %jmp T_2.5;
T_2.4 ;
    %load/vec4 v0x55fa65908550_0;
    %flag_set/vec4 8;
    %jmp/0xz  T_2.6, 8;
    %load/vec4 v0x55fa65908200_0;
    %load/vec4 v0x55fa659087c0_0;
    %add;
    %assign/vec4 v0x55fa65908200_0, 0;
T_2.6 ;
T_2.5 ;
T_2.1 ;
    %jmp T_2;
    .thread T_2;
    .scope S_0x55fa65908c40;
T_3 ;
    %wait E_0x55fa658b21d0;
    %load/vec4 v0x55fa65909a90_0;
    %nor/r;
    %flag_set/vec4 8;
    %jmp/0xz  T_3.0, 8;
    %pushi/vec4 0, 0, 8;
    %assign/vec4 v0x55fa65909c40_0, 0;
    %pushi/vec4 0, 0, 16;
    %assign/vec4 v0x55fa65909290_0, 0;
    %jmp T_3.1;
T_3.0 ;
    %load/vec4 v0x55fa659098c0_0;
    %flag_set/vec4 8;
    %jmp/0xz  T_3.2, 8;
    %load/vec4 v0x55fa65909c40_0;
    %parti/s 7, 0, 2;
    %load/vec4 v0x55fa65909b80_0;
    %concat/vec4; draw_concat_vec4
    %assign/vec4 v0x55fa65909c40_0, 0;
T_3.2 ;
    %load/vec4 v0x55fa659094a0_0;
    %flag_set/vec4 8;
    %jmp/0xz  T_3.4, 8;
    %pushi/vec4 0, 0, 16;
    %assign/vec4 v0x55fa65909290_0, 0;
    %jmp T_3.5;
T_3.4 ;
    %load/vec4 v0x55fa65909680_0;
    %flag_set/vec4 8;
    %jmp/0xz  T_3.6, 8;
    %load/vec4 v0x55fa65909290_0;
    %load/vec4 v0x55fa659099b0_0;
    %add;
    %assign/vec4 v0x55fa65909290_0, 0;
T_3.6 ;
T_3.5 ;
T_3.1 ;
    %jmp T_3;
    .thread T_3;
    .scope S_0x55fa65909f70;
T_4 ;
    %wait E_0x55fa658b21d0;
    %load/vec4 v0x55fa6590ac70_0;
    %nor/r;
    %flag_set/vec4 8;
    %jmp/0xz  T_4.0, 8;
    %pushi/vec4 0, 0, 8;
    %assign/vec4 v0x55fa6590add0_0, 0;
    %pushi/vec4 0, 0, 16;
    %assign/vec4 v0x55fa6590a5b0_0, 0;
    %jmp T_4.1;
T_4.0 ;
    %load/vec4 v0x55fa6590aaf0_0;
    %flag_set/vec4 8;
    %jmp/0xz  T_4.2, 8;
    %load/vec4 v0x55fa6590add0_0;
    %parti/s 7, 0, 2;
    %load/vec4 v0x55fa6590ad10_0;
    %concat/vec4; draw_concat_vec4
    %assign/vec4 v0x55fa6590add0_0, 0;
T_4.2 ;
    %load/vec4 v0x55fa6590a7c0_0;
    %flag_set/vec4 8;
    %jmp/0xz  T_4.4, 8;
    %pushi/vec4 0, 0, 16;
    %assign/vec4 v0x55fa6590a5b0_0, 0;
    %jmp T_4.5;
T_4.4 ;
    %load/vec4 v0x55fa6590a900_0;
    %flag_set/vec4 8;
    %jmp/0xz  T_4.6, 8;
    %load/vec4 v0x55fa6590a5b0_0;
    %load/vec4 v0x55fa6590ab90_0;
    %add;
    %assign/vec4 v0x55fa6590a5b0_0, 0;
T_4.6 ;
T_4.5 ;
T_4.1 ;
    %jmp T_4;
    .thread T_4;
    .scope S_0x55fa6590c0a0;
T_5 ;
    %wait E_0x55fa658b21d0;
    %load/vec4 v0x55fa6590c770_0;
    %nor/r;
    %flag_set/vec4 8;
    %jmp/0xz  T_5.0, 8;
    %pushi/vec4 0, 0, 64;
    %assign/vec4 v0x55fa6590ca20_0, 0;
    %jmp T_5.1;
T_5.0 ;
    %load/vec4 v0x55fa6590c6b0_0;
    %flag_set/vec4 8;
    %jmp/0xz  T_5.2, 8;
    %load/vec4 v0x55fa6590c330_0;
    %load/vec4 v0x55fa6590c3f0_0;
    %concat/vec4; draw_concat_vec4
    %load/vec4 v0x55fa6590c4b0_0;
    %concat/vec4; draw_concat_vec4
    %load/vec4 v0x55fa6590c550_0;
    %concat/vec4; draw_concat_vec4
    %assign/vec4 v0x55fa6590ca20_0, 0;
    %jmp T_5.3;
T_5.2 ;
    %load/vec4 v0x55fa6590c8d0_0;
    %flag_set/vec4 8;
    %jmp/0xz  T_5.4, 8;
    %load/vec4 v0x55fa6590ca20_0;
    %parti/s 63, 0, 2;
    %concati/vec4 0, 0, 1;
    %assign/vec4 v0x55fa6590ca20_0, 0;
T_5.4 ;
T_5.3 ;
T_5.1 ;
    %jmp T_5;
    .thread T_5;
    .scope S_0x55fa658d9ac0;
T_6 ;
    %wait E_0x55fa658b21d0;
    %load/vec4 v0x55fa6590dd00_0;
    %nor/r;
    %flag_set/vec4 8;
    %jmp/0xz  T_6.0, 8;
    %pushi/vec4 0, 0, 2;
    %assign/vec4 v0x55fa6590dee0_0, 0;
    %pushi/vec4 0, 0, 6;
    %assign/vec4 v0x55fa6590d280_0, 0;
    %pushi/vec4 0, 0, 1;
    %assign/vec4 v0x55fa6590db00_0, 0;
    %pushi/vec4 0, 0, 1;
    %assign/vec4 v0x55fa6590d770_0, 0;
    %pushi/vec4 0, 0, 1;
    %assign/vec4 v0x55fa6590d6d0_0, 0;
    %pushi/vec4 0, 0, 1;
    %assign/vec4 v0x55fa6590da60_0, 0;
    %pushi/vec4 0, 0, 1;
    %assign/vec4 v0x55fa6590d810_0, 0;
    %jmp T_6.1;
T_6.0 ;
    %pushi/vec4 0, 0, 1;
    %assign/vec4 v0x55fa6590db00_0, 0;
    %pushi/vec4 0, 0, 1;
    %assign/vec4 v0x55fa6590d770_0, 0;
    %pushi/vec4 0, 0, 1;
    %assign/vec4 v0x55fa6590d6d0_0, 0;
    %pushi/vec4 0, 0, 1;
    %assign/vec4 v0x55fa6590da60_0, 0;
    %pushi/vec4 0, 0, 1;
    %assign/vec4 v0x55fa6590d810_0, 0;
    %load/vec4 v0x55fa6590dee0_0;
    %dup/vec4;
    %pushi/vec4 0, 0, 2;
    %cmp/u;
    %jmp/1 T_6.2, 6;
    %dup/vec4;
    %pushi/vec4 1, 0, 2;
    %cmp/u;
    %jmp/1 T_6.3, 6;
    %dup/vec4;
    %pushi/vec4 3, 0, 2;
    %cmp/u;
    %jmp/1 T_6.4, 6;
    %pushi/vec4 0, 0, 2;
    %assign/vec4 v0x55fa6590dee0_0, 0;
    %jmp T_6.6;
T_6.2 ;
    %load/vec4 v0x55fa6590dba0_0;
    %flag_set/vec4 8;
    %jmp/0xz  T_6.7, 8;
    %pushi/vec4 1, 0, 2;
    %assign/vec4 v0x55fa6590dee0_0, 0;
    %pushi/vec4 0, 0, 6;
    %assign/vec4 v0x55fa6590d280_0, 0;
    %jmp T_6.8;
T_6.7 ;
    %load/vec4 v0x55fa6590d550_0;
    %flag_set/vec4 8;
    %jmp/0xz  T_6.9, 8;
    %pushi/vec4 1, 0, 1;
    %assign/vec4 v0x55fa6590d770_0, 0;
    %pushi/vec4 0, 0, 2;
    %assign/vec4 v0x55fa6590dee0_0, 0;
    %jmp T_6.10;
T_6.9 ;
    %load/vec4 v0x55fa6590d3f0_0;
    %flag_set/vec4 8;
    %jmp/0xz  T_6.11, 8;
    %pushi/vec4 1, 0, 1;
    %assign/vec4 v0x55fa6590d6d0_0, 0;
    %jmp T_6.12;
T_6.11 ;
    %load/vec4 v0x55fa6590dc40_0;
    %flag_set/vec4 8;
    %jmp/0xz  T_6.13, 8;
    %pushi/vec4 1, 0, 1;
    %assign/vec4 v0x55fa6590da60_0, 0;
    %pushi/vec4 0, 0, 6;
    %assign/vec4 v0x55fa6590d280_0, 0;
    %pushi/vec4 3, 0, 2;
    %assign/vec4 v0x55fa6590dee0_0, 0;
T_6.13 ;
T_6.12 ;
T_6.10 ;
T_6.8 ;
    %jmp T_6.6;
T_6.3 ;
    %pushi/vec4 1, 0, 1;
    %assign/vec4 v0x55fa6590db00_0, 0;
    %load/vec4 v0x55fa6590d280_0;
    %addi 1, 0, 6;
    %assign/vec4 v0x55fa6590d280_0, 0;
    %load/vec4 v0x55fa6590d280_0;
    %cmpi/e 31, 0, 6;
    %jmp/0xz  T_6.15, 4;
    %pushi/vec4 0, 0, 2;
    %assign/vec4 v0x55fa6590dee0_0, 0;
T_6.15 ;
    %jmp T_6.6;
T_6.4 ;
    %pushi/vec4 1, 0, 1;
    %assign/vec4 v0x55fa6590d810_0, 0;
    %load/vec4 v0x55fa6590d280_0;
    %addi 1, 0, 6;
    %assign/vec4 v0x55fa6590d280_0, 0;
    %load/vec4 v0x55fa6590d280_0;
    %cmpi/e 63, 0, 6;
    %jmp/0xz  T_6.17, 4;
    %pushi/vec4 0, 0, 2;
    %assign/vec4 v0x55fa6590dee0_0, 0;
T_6.17 ;
    %jmp T_6.6;
T_6.6 ;
    %pop/vec4 1;
T_6.1 ;
    %jmp T_6;
    .thread T_6;
    .scope S_0x55fa658dc880;
T_7 ;
    %pushi/vec4 0, 0, 1;
    %store/vec4 v0x55fa6590ee00_0, 0, 1;
    %pushi/vec4 0, 0, 1;
    %store/vec4 v0x55fa6590f120_0, 0, 1;
    %pushi/vec4 0, 0, 8;
    %store/vec4 v0x55fa6590f1c0_0, 0, 8;
    %end;
    .thread T_7;
    .scope S_0x55fa658dc880;
T_8 ;
    %delay 5000, 0;
    %load/vec4 v0x55fa6590ee00_0;
    %inv;
    %store/vec4 v0x55fa6590ee00_0, 0, 1;
    %jmp T_8;
    .thread T_8;
    .scope S_0x55fa658dc880;
T_9 ;
    %vpi_call 2 31 "$dumpfile", "dump.vcd" {0 0 0};
    %vpi_call 2 32 "$dumpvars", 32'sb00000000000000000000000000000000, S_0x55fa658dc880 {0 0 0};
    %pushi/vec4 0, 0, 1;
    %store/vec4 v0x55fa6590f120_0, 0, 1;
    %pushi/vec4 0, 0, 8;
    %store/vec4 v0x55fa6590f1c0_0, 0, 8;
    %pushi/vec4 3, 0, 32;
    %store/vec4 v0x55fa6590e870_0, 0, 32;
    %fork TD_tb.wait_cycles, S_0x55fa6590e550;
    %join;
    %pushi/vec4 1, 0, 1;
    %store/vec4 v0x55fa6590f120_0, 0, 1;
    %pushi/vec4 2, 0, 32;
    %store/vec4 v0x55fa6590e870_0, 0, 32;
    %fork TD_tb.wait_cycles, S_0x55fa6590e550;
    %join;
    %pushi/vec4 16909060, 0, 32;
    %store/vec4 v0x55fa6590f4c0_0, 0, 32;
    %vpi_call 2 42 "$display", "Loading weights: 1, 2, 3, 4" {0 0 0};
    %pushi/vec4 2, 0, 8;
    %store/vec4 v0x55fa6590f1c0_0, 0, 8;
    %wait E_0x55fa658b0140;
    %pushi/vec4 0, 0, 8;
    %store/vec4 v0x55fa6590f1c0_0, 0, 8;
    %pushi/vec4 31, 0, 32;
    %store/vec4 v0x55fa6590ecd0_0, 0, 32;
T_9.0 ;
    %load/vec4 v0x55fa6590ecd0_0;
    %cmpi/s 0, 0, 32;
    %flag_inv 5; GE is !LT
    %jmp/0xz T_9.1, 5;
    %pushi/vec4 0, 0, 7;
    %load/vec4 v0x55fa6590f4c0_0;
    %load/vec4 v0x55fa6590ecd0_0;
    %part/s 1;
    %concat/vec4; draw_concat_vec4
    %store/vec4 v0x55fa6590f1c0_0, 0, 8;
    %wait E_0x55fa658b0140;
    %load/vec4 v0x55fa6590ecd0_0;
    %subi 1, 0, 32;
    %store/vec4 v0x55fa6590ecd0_0, 0, 32;
    %jmp T_9.0;
T_9.1 ;
    %pushi/vec4 0, 0, 8;
    %store/vec4 v0x55fa6590f1c0_0, 0, 8;
    %pushi/vec4 2, 0, 32;
    %store/vec4 v0x55fa6590e870_0, 0, 32;
    %fork TD_tb.wait_cycles, S_0x55fa6590e550;
    %join;
    %vpi_call 2 57 "$display", "Computing with inputs: 10, 20, 30" {0 0 0};
    %pushi/vec4 10, 0, 32;
    %ix/load 4, 0, 0;
    %flag_set/imm 4, 0;
    %store/vec4a v0x55fa6590ef80, 4, 0;
    %pushi/vec4 20, 0, 32;
    %ix/load 4, 1, 0;
    %flag_set/imm 4, 0;
    %store/vec4a v0x55fa6590ef80, 4, 0;
    %pushi/vec4 30, 0, 32;
    %ix/load 4, 2, 0;
    %flag_set/imm 4, 0;
    %store/vec4a v0x55fa6590ef80, 4, 0;
    %pushi/vec4 0, 0, 32;
    %store/vec4 v0x55fa6590eea0_0, 0, 32;
T_9.2 ;
    %load/vec4 v0x55fa6590eea0_0;
    %cmpi/s 3, 0, 32;
    %jmp/0xz T_9.3, 5;
    %ix/getv/s 4, v0x55fa6590eea0_0;
    %load/vec4a v0x55fa6590ef80, 4;
    %pushi/vec4 4, 0, 32;
    %or;
    %pad/u 8;
    %store/vec4 v0x55fa6590f1c0_0, 0, 8;
    %wait E_0x55fa658b0140;
    %pushi/vec4 0, 0, 8;
    %store/vec4 v0x55fa6590f1c0_0, 0, 8;
    %wait E_0x55fa658b0140;
    %load/vec4 v0x55fa6590eea0_0;
    %addi 1, 0, 32;
    %store/vec4 v0x55fa6590eea0_0, 0, 32;
    %jmp T_9.2;
T_9.3 ;
    %pushi/vec4 2, 0, 32;
    %store/vec4 v0x55fa6590e870_0, 0, 32;
    %fork TD_tb.wait_cycles, S_0x55fa6590e550;
    %join;
    %vpi_call 2 72 "$display", "Reading results..." {0 0 0};
    %pushi/vec4 8, 0, 8;
    %store/vec4 v0x55fa6590f1c0_0, 0, 8;
    %wait E_0x55fa658b0140;
    %pushi/vec4 0, 0, 8;
    %store/vec4 v0x55fa6590f1c0_0, 0, 8;
    %pushi/vec4 0, 0, 64;
    %store/vec4 v0x55fa6590f040_0, 0, 64;
    %pushi/vec4 63, 0, 32;
    %store/vec4 v0x55fa6590ecd0_0, 0, 32;
T_9.4 ;
    %load/vec4 v0x55fa6590ecd0_0;
    %cmpi/s 0, 0, 32;
    %flag_inv 5; GE is !LT
    %jmp/0xz T_9.5, 5;
    %wait E_0x55fa658b0140;
    %load/vec4 v0x55fa6590f3f0_0;
    %parti/s 1, 0, 2;
    %ix/getv/s 4, v0x55fa6590ecd0_0;
    %store/vec4 v0x55fa6590f040_0, 4, 1;
    %load/vec4 v0x55fa6590ecd0_0;
    %subi 1, 0, 32;
    %store/vec4 v0x55fa6590ecd0_0, 0, 32;
    %jmp T_9.4;
T_9.5 ;
    %load/vec4 v0x55fa6590f040_0;
    %parti/s 16, 48, 7;
    %store/vec4 v0x55fa6590e950_0, 0, 16;
    %load/vec4 v0x55fa6590f040_0;
    %parti/s 16, 32, 7;
    %store/vec4 v0x55fa6590ea50_0, 0, 16;
    %load/vec4 v0x55fa6590f040_0;
    %parti/s 16, 16, 6;
    %store/vec4 v0x55fa6590eb30_0, 0, 16;
    %load/vec4 v0x55fa6590f040_0;
    %parti/s 16, 0, 2;
    %store/vec4 v0x55fa6590ebf0_0, 0, 16;
    %vpi_call 2 89 "$display", "accum0 = %0d (expected 60)", v0x55fa6590e950_0 {0 0 0};
    %vpi_call 2 90 "$display", "accum1 = %0d (expected 120)", v0x55fa6590ea50_0 {0 0 0};
    %vpi_call 2 91 "$display", "accum2 = %0d (expected 180)", v0x55fa6590eb30_0 {0 0 0};
    %vpi_call 2 92 "$display", "accum3 = %0d (expected 240)", v0x55fa6590ebf0_0 {0 0 0};
    %load/vec4 v0x55fa6590e950_0;
    %pad/u 32;
    %cmpi/e 60, 0, 32;
    %flag_get/vec4 4;
    %jmp/0 T_9.10, 4;
    %load/vec4 v0x55fa6590ea50_0;
    %pad/u 32;
    %pushi/vec4 120, 0, 32;
    %cmp/e;
    %flag_get/vec4 4;
    %and;
T_9.10;
    %flag_set/vec4 10;
    %flag_get/vec4 10;
    %jmp/0 T_9.9, 10;
    %load/vec4 v0x55fa6590eb30_0;
    %pad/u 32;
    %pushi/vec4 180, 0, 32;
    %cmp/e;
    %flag_get/vec4 4;
    %and;
T_9.9;
    %flag_set/vec4 9;
    %flag_get/vec4 9;
    %jmp/0 T_9.8, 9;
    %load/vec4 v0x55fa6590ebf0_0;
    %pad/u 32;
    %pushi/vec4 240, 0, 32;
    %cmp/e;
    %flag_get/vec4 4;
    %and;
T_9.8;
    %flag_set/vec4 8;
    %jmp/0xz  T_9.6, 8;
    %vpi_call 2 95 "$display", "PASS: All accumulators match expected values!" {0 0 0};
    %jmp T_9.7;
T_9.6 ;
    %vpi_call 2 97 "$display", "FAIL: Mismatch detected. Check waveforms in GTKWave." {0 0 0};
T_9.7 ;
    %vpi_call 2 99 "$finish" {0 0 0};
    %end;
    .thread T_9;
# The file index is used to find the file name in the following table.
:file_names 7;
    "N/A";
    "<interactive>";
    "test/tb.v";
    "src/project.v";
    "src/mac_array.v";
    "src/mac_unit.v";
    "src/output_scan.v";
